[2025-12-02 15:16:07] [INFO    ] discord.client: logging in using static token
[2025-12-02 15:16:08] [DEBUG   ] discord.http: GET https://discord.com/api/v10/users/@me with None has returned 200
[2025-12-02 15:16:08] [DEBUG   ] discord.http: GET /users/@me has found its initial rate limit bucket hash (78bb8553d9352a5a2f89f9def401287a).
[2025-12-02 15:16:08] [DEBUG   ] discord.http: GET https://discord.com/api/v10/users/@me has received {'id': '1442862200480989256', 'username': 'Golden_cat', 'avatar': None, 'discriminator': '2671', 'public_flags': 0, 'flags': 0, 'bot': True, 'banner': None, 'accent_color': None, 'global_name': None, 'avatar_decoration_data': None, 'collectibles': None, 'display_name_styles': None, 'banner_color': None, 'clan': None, 'primary_guild': None, 'mfa_enabled': False, 'locale': 'en-US', 'premium_type': 0, 'email': None, 'verified': True, 'bio': ''}
[2025-12-02 15:16:08] [DEBUG   ] discord.http: GET https://discord.com/api/v10/oauth2/applications/@me with None has returned 200
[2025-12-02 15:16:08] [DEBUG   ] discord.http: GET /oauth2/applications/@me has found its initial rate limit bucket hash (d28a133af187e91d71d96a223467ce49).
[2025-12-02 15:16:08] [DEBUG   ] discord.http: GET https://discord.com/api/v10/oauth2/applications/@me has received {'id': '1442862200480989256', 'name': 'Golden_cat', 'icon': None, 'description': '', 'type': None, 'bot': {'id': '1442862200480989256', 'username': 'Golden_cat', 'avatar': None, 'discriminator': '2671', 'public_flags': 0, 'flags': 0, 'bot': True, 'banner': None, 'accent_color': None, 'global_name': None, 'avatar_decoration_data': None, 'collectibles': None, 'display_name_styles': None, 'banner_color': None, 'clan': None, 'primary_guild': None}, 'summary': '', 'is_monetized': False, 'is_verified': False, 'is_discoverable': False, 'bot_public': True, 'bot_require_code_grant': False, 'install_params': {'scopes': ['applications.commands'], 'permissions': '0'}, 'integration_types_config': {'0': {'oauth2_install_params': {'scopes': ['applications.commands'], 'permissions': '0'}}, '1': {'oauth2_install_params': {'scopes': ['applications.commands'], 'permissions': '0'}}}, 'verify_key': '6fb4b836653a616ad8c1d4dee0d0a0ac3d3171e767ed536659214344352d91a4', 'flags': 557056, 'hook': True, 'storefront_available': False, 'redirect_uris': [], 'interactions_endpoint_url': None, 'role_connections_verification_url': None, 'owner': {'id': '482422953263366144', 'username': 'cuccucthanthanh', 'avatar': 'fdd4317564f1e7015a29745b307a769f', 'discriminator': '0', 'public_flags': 0, 'flags': 0, 'banner': None, 'accent_color': None, 'global_name': 'tasukete svarogu', 'avatar_decoration_data': None, 'collectibles': None, 'display_name_styles': None, 'banner_color': None, 'clan': None, 'primary_guild': None}, 'approximate_guild_count': 1, 'approximate_user_install_count': 0, 'approximate_user_authorization_count': 0, 'interactions_event_types': [], 'interactions_version': 1, 'explicit_content_filter': 0, 'rpc_application_state': 0, 'store_application_state': 1, 'verification_state': 1, 'integration_public': True, 'integration_require_code_grant': False, 'discoverability_state': 1, 'discovery_eligibility_flags': 224, 'monetization_state': 1, 'verification_eligibility_flags': 91036, 'monetization_eligibility_flags': 181988, 'bot_approximate_guild_count': 1, 'team': None, 'internal_guild_restriction': 2, 'approved_consoles': [], 'pricing_localization_strategy': 'localized_price_sets'}
[2025-12-02 15:16:09] [DEBUG   ] discord.gateway: Created websocket connected to wss://gateway.discord.gg/
[2025-12-02 15:16:09] [DEBUG   ] discord.gateway: For Shard ID None: WebSocket Event: {'t': None, 's': None, 'op': 10, 'd': {'heartbeat_interval': 41250, '_trace': ['["gateway-prd-arm-us-east1-c-7mwd",{"micros":0.0}]']}}
[2025-12-02 15:16:09] [DEBUG   ] discord.gateway: Shard ID None has sent the IDENTIFY payload.
[2025-12-02 15:16:09] [DEBUG   ] discord.gateway: For Shard ID None: WebSocket Event: {'t': None, 's': None, 'op': 11, 'd': None}
[2025-12-02 15:16:09] [DEBUG   ] discord.gateway: For Shard ID None: WebSocket Event: {'t': 'READY', 's': 1, 'op': 0, 'd': {'v': 10, 'user_settings': {}, 'user': {'verified': True, 'username': 'Golden_cat', 'primary_guild': None, 'mfa_enabled': False, 'id': '1442862200480989256', 'global_name': None, 'flags': 0, 'email': None, 'discriminator': '2671', 'clan': None, 'bot': True, 'avatar': None}, 'session_type': 'normal', 'session_id': '7c4afc80746bd9e04e099fa186845c18', 'resume_gateway_url': 'wss://gateway-us-east1-c.discord.gg', 'relationships': [], 'private_channels': [], 'presences': [], 'guilds': [{'unavailable': True, 'id': '1442840006749323387'}], 'guild_join_requests': [], 'geo_ordered_rtc_regions': ['singapore', 'hongkong', 'india', 'japan', 'dubai'], 'game_relationships': [], 'auth': {}, 'application': {'id': '1442862200480989256', 'flags': 557056}, '_trace': ['["gateway-prd-arm-us-east1-c-7mwd",{"micros":156815,"calls":["id_created",{"micros":518,"calls":[]},"session_lookup_time",{"micros":3107,"calls":[]},"session_lookup_finished",{"micros":10,"calls":[]},"discord-sessions-prd-2-173",{"micros":152258,"calls":["start_session",{"micros":128640,"calls":["discord-api-prd-canary-rpc-5d6444fccf-7pfzj",{"micros":75520,"calls":["get_user",{"micros":24434},"get_guilds",{"micros":2647},"send_scheduled_deletion_message",{"micros":15},"guild_join_requests",{"micros":545},"authorized_ip_coro",{"micros":10},"pending_payments",{"micros":573},"apex_experiments",{"micros":45344},"user_activities",{"micros":6},"played_application_ids",{"micros":4},"linked_users",{"micros":2}]}]},"starting_guild_connect",{"micros":31,"calls":[]},"presence_started",{"micros":22349,"calls":[]},"guilds_started",{"micros":63,"calls":[]},"lobbies_started",{"micros":1,"calls":[]},"guilds_connect",{"micros":1,"calls":[]},"presence_connect",{"micros":1154,"calls":[]},"connect_finished",{"micros":1161,"calls":[]},"build_ready",{"micros":11,"calls":[]},"clean_ready",{"micros":0,"calls":[]},"optimize_ready",{"micros":1,"calls":[]},"split_ready",{"micros":0,"calls":[]}]}]}]']}}
[2025-12-02 15:16:09] [DEBUG   ] discord.client: Dispatching event socket_event_type
[2025-12-02 15:16:09] [INFO    ] discord.gateway: Shard ID None has connected to Gateway (Session ID: 7c4afc80746bd9e04e099fa186845c18).
[2025-12-02 15:16:09] [DEBUG   ] discord.client: Dispatching event connect
[2025-12-02 15:16:09] [DEBUG   ] discord.gateway: For Shard ID None: WebSocket Event: {'t': 'GUILD_CREATE', 's': 2, 'op': 0, 'd': {'presences': [], 'icon': '2110b0f6abf0a7af0ff7461b30a4fc4f', 'afk_timeout': 300, 'explicit_content_filter': 0, 'incidents_data': None, 'owner_id': '482422953263366144', 'members': [{'user': {'username': 'Golden_cat', 'public_flags': 0, 'primary_guild': None, 'id': '1442862200480989256', 'global_name': None, 'display_name_styles': None, 'display_name': None, 'discriminator': '2671', 'collectibles': None, 'bot': True, 'avatar_decoration_data': None, 'avatar': None}, 'roles': ['1442865601583251479'], 'premium_since': None, 'pending': False, 'nick': None, 'mute': False, 'joined_at': '2025-11-25T13:12:46.657000+00:00', 'flags': 0, 'deaf': False, 'communication_disabled_until': None, 'banner': None, 'avatar': None}], 'verification_level': 0, 'profile': None, 'unavailable': False, 'region': 'deprecated', 'guild_scheduled_events': [], 'banner': None, 'embedded_activities': [], 'roles': [{'version': 1764070264570, 'unicode_emoji': None, 'tags': {}, 'position': 0, 'permissions': '2248473465835073', 'name': '@everyone', 'mentionable': False, 'managed': False, 'id': '1442840006749323387', 'icon': None, 'hoist': False, 'flags': 0, 'colors': {'tertiary_color': None, 'secondary_color': None, 'primary_color': 0}, 'color': 0}, {'version': 1764076366634, 'unicode_emoji': None, 'tags': {'bot_id': '1442862200480989256'}, 'position': 1, 'permissions': '563276639759424', 'name': 'Golden_cat', 'mentionable': False, 'managed': True, 'id': '1442865601583251479', 'icon': None, 'hoist': False, 'flags': 0, 'colors': {'tertiary_color': None, 'secondary_color': None, 'primary_color': 0}, 'color': 0}], 'id': '1442840006749323387', 'application_command_counts': {}, 'name': "tasukete svarogu's server", 'stage_instances': [], 'inventory_settings': None, 'threads': [], 'lazy': True, 'rules_channel_id': None, 'splash': None, 'discovery_splash': None, 'premium_tier': 0, 'description': None, 'owner_configured_content_level': 0, 'voice_states': [], 'joined_at': '2025-11-25T13:12:46.657000+00:00', 'mfa_level': 0, 'vanity_url_code': None, 'max_video_channel_users': 25, 'features': [], 'preferred_locale': 'en-US', 'premium_progress_bar_enabled': False, 'large': False, 'soundboard_sounds': [], 'moderator_reporting': None, 'premium_features': None, 'latest_onboarding_question_id': None, 'hub_type': None, 'max_members': 25000000, 'nsfw': False, 'member_count': 2, 'home_header': None, 'default_message_notifications': 0, 'nsfw_level': 0, 'max_stage_video_channel_users': 50, 'application_id': None, 'system_channel_flags': 0, 'safety_alerts_channel_id': None, 'channels': [{'version': 1764070264572, 'type': 4, 'position': 0, 'permission_overwrites': [], 'name': 'Text Channels', 'id': '1442840007629996133', 'flags': 0}, {'version': 1764070264575, 'type': 4, 'position': 0, 'permission_overwrites': [], 'name': 'Voice Channels', 'id': '1442840007629996134', 'flags': 0}, {'version': 1764070264580, 'type': 0, 'topic': None, 'rate_limit_per_user': 0, 'position': 0, 'permission_overwrites': [], 'parent_id': '1442840007629996133', 'name': 'general', 'last_message_id': '1445326772026740756', 'id': '1442840007629996135', 'icon_emoji': {'name': '👋', 'id': None}, 'flags': 0}, {'version': 1764070264598, 'user_limit': 0, 'type': 2, 'rtc_region': None, 'rate_limit_per_user': 0, 'position': 0, 'permission_overwrites': [], 'parent_id': '1442840007629996134', 'name': 'General', 'last_message_id': None, 'id': '1442840007629996136', 'icon_emoji': {'name': '🎙', 'id': None}, 'flags': 0, 'bitrate': 64000}], 'public_updates_channel_id': None, 'premium_subscription_count': 0, 'system_channel_id': '1442840007629996135', 'version': 1764070264606, 'afk_channel_id': None, 'activity_instances': [], 'stickers': [], 'emojis': []}}
[2025-12-02 15:16:09] [DEBUG   ] discord.client: Dispatching event socket_event_type
[2025-12-02 15:16:09] [DEBUG   ] discord.gateway: For Shard ID None: WebSocket Event: {'t': 'GUILD_MEMBERS_CHUNK', 's': 3, 'op': 0, 'd': {'nonce': '59588b90b93a8b287d911136b22a4651', 'members': [{'user': {'username': 'cuccucthanthanh', 'public_flags': 0, 'primary_guild': None, 'id': '482422953263366144', 'global_name': 'tasukete svarogu', 'display_name_styles': None, 'display_name': 'tasukete svarogu', 'discriminator': '0', 'collectibles': None, 'bot': False, 'avatar_decoration_data': None, 'avatar': 'fdd4317564f1e7015a29745b307a769f'}, 'roles': [], 'premium_since': None, 'pending': False, 'nick': None, 'mute': False, 'joined_at': '2025-11-25T11:31:04.487000+00:00', 'flags': 0, 'deaf': False, 'communication_disabled_until': None, 'banner': None, 'avatar': None}, {'user': {'username': 'Golden_cat', 'public_flags': 0, 'primary_guild': None, 'id': '1442862200480989256', 'global_name': None, 'display_name_styles': None, 'display_name': None, 'discriminator': '2671', 'collectibles': None, 'bot': True, 'avatar_decoration_data': None, 'avatar': None}, 'roles': ['1442865601583251479'], 'premium_since': None, 'pending': False, 'nick': None, 'mute': False, 'joined_at': '2025-11-25T13:12:46.657000+00:00', 'flags': 0, 'deaf': False, 'communication_disabled_until': None, 'banner': None, 'avatar': None}], 'guild_id': '1442840006749323387', 'chunk_index': 0, 'chunk_count': 1}}
[2025-12-02 15:16:09] [DEBUG   ] discord.client: Dispatching event socket_event_type
[2025-12-02 15:16:09] [DEBUG   ] discord.state: Processed a chunk for 2 members in guild ID 1442840006749323387.
[2025-12-02 15:16:11] [DEBUG   ] discord.client: Dispatching event guild_available
[2025-12-02 15:16:11] [DEBUG   ] discord.client: Dispatching event ready
[2025-12-02 15:16:12] [DEBUG   ] discord.gateway: For Shard ID None: WebSocket Event: {'t': 'TYPING_START', 's': 4, 'op': 0, 'd': {'user_id': '482422953263366144', 'timestamp': 1764663372, 'member': {'user': {'username': 'cuccucthanthanh', 'public_flags': 0, 'primary_guild': None, 'id': '482422953263366144', 'global_name': 'tasukete svarogu', 'display_name_styles': None, 'display_name': 'tasukete svarogu', 'discriminator': '0', 'collectibles': None, 'bot': False, 'avatar_decoration_data': None, 'avatar': 'fdd4317564f1e7015a29745b307a769f'}, 'roles': [], 'premium_since': None, 'pending': False, 'nick': None, 'mute': False, 'joined_at': '2025-11-25T11:31:04.487000+00:00', 'flags': 0, 'deaf': False, 'communication_disabled_until': None, 'banner': None, 'avatar': None}, 'channel_id': '1442840007629996135', 'guild_id': '1442840006749323387'}}
[2025-12-02 15:16:12] [DEBUG   ] discord.client: Dispatching event socket_event_type
[2025-12-02 15:16:12] [DEBUG   ] discord.client: Dispatching event typing
[2025-12-02 15:16:12] [DEBUG   ] discord.client: Dispatching event raw_typing
[2025-12-02 15:16:13] [DEBUG   ] discord.gateway: For Shard ID None: WebSocket Event: {'t': 'MESSAGE_CREATE', 's': 5, 'op': 0, 'd': {'type': 0, 'tts': False, 'timestamp': '2025-12-02T08:16:13.175000+00:00', 'pinned': False, 'nonce': '1445327684556029952', 'mentions': [], 'mention_roles': [], 'mention_everyone': False, 'member': {'roles': [], 'premium_since': None, 'pending': False, 'nick': None, 'mute': False, 'joined_at': '2025-11-25T11:31:04.487000+00:00', 'flags': 0, 'deaf': False, 'communication_disabled_until': None, 'banner': None, 'avatar': None}, 'id': '1445327685759926433', 'flags': 0, 'embeds': [], 'edited_timestamp': None, 'content': '!News', 'components': [], 'channel_type': 0, 'channel_id': '1442840007629996135', 'author': {'username': 'cuccucthanthanh', 'public_flags': 0, 'primary_guild': None, 'id': '482422953263366144', 'global_name': 'tasukete svarogu', 'display_name_styles': None, 'discriminator': '0', 'collectibles': None, 'clan': None, 'avatar_decoration_data': None, 'avatar': 'fdd4317564f1e7015a29745b307a769f'}, 'attachments': [], 'guild_id': '1442840006749323387'}}
[2025-12-02 15:16:13] [DEBUG   ] discord.client: Dispatching event socket_event_type
[2025-12-02 15:16:13] [DEBUG   ] discord.client: Dispatching event message
[2025-12-02 15:16:13] [DEBUG   ] discord.client: Dispatching event command
[2025-12-02 15:16:13] [DEBUG   ] discord.gateway: For Shard ID None: WebSocket Event: {'t': 'MESSAGE_CREATE', 's': 6, 'op': 0, 'd': {'type': 0, 'tts': False, 'timestamp': '2025-12-02T08:16:13.650000+00:00', 'pinned': False, 'nonce': '9986453546503044942', 'mentions': [], 'mention_roles': [], 'mention_everyone': False, 'member': {'roles': ['1442865601583251479'], 'premium_since': None, 'pending': False, 'nick': None, 'mute': False, 'joined_at': '2025-11-25T13:12:46.657000+00:00', 'flags': 0, 'deaf': False, 'communication_disabled_until': None, 'banner': None, 'avatar': None}, 'id': '1445327687752351828', 'flags': 0, 'embeds': [{'type': 'rich', 'title': '📰 Tin Tức Mới Nhất 📈', 'id': '1445327687752351829', 'fields': [{'value': '[Xem chi tiết tại đây](https://trading.vietcap.com.vn/ai-news/post-detail/dqc-ong-ho-quynh-hung-thoi-lam-dai-dien-phap-luat-dien-quang)', 'name': '1. DQC: Ông Hồ Quỳnh Hưng thôi làm đại diện pháp luật Điện Quang', 'inline': False}, {'value': '[Xem chi tiết tại đây](https://trading.vietcap.com.vn/ai-news/post-detail/bsr-tham-gia-trien-lam-tai-hoi-nghi-hoa-hoc-toan-quoc-lan-thu-9)', 'name': '2. BSR: Tham gia triển lãm tại Hội nghị Hóa học toàn quốc lần thứ 9', 'inline': False}, {'value': '[Xem chi tiết tại đây](https://trading.vietcap.com.vn/ai-news/post-detail/mch-vi-sao-masan-consumer-chon-thoi-diem-nay-de-cong-bo-ke-hoach-niem-yet-hose)', 'name': '3. MCH: Vì sao Masan Consumer chọn thời điểm này để công bố kế hoạch niêm yết HOSE?', 'inline': False}, {'value': '[Xem chi tiết tại đây](https://trading.vietcap.com.vn/ai-news/post-detail/mbb-ngan-hang-dau-tien-tang-lai-suat-thang-12-2025)', 'name': '4. MBB: Ngân hàng đầu tiên tăng lãi suất tháng 12/2025', 'inline': False}, {'value': '[Xem chi tiết tại đây](https://trading.vietcap.com.vn/ai-news/post-detail/vnz-cha-de-zalo-ngoi-ghe-pho-chu-tich-hdqt)', 'name': '5. VNZ: "Cha đẻ" Zalo ngồi ghế Phó Chủ tịch HĐQT', 'inline': False}, {'value': '[Xem chi tiết tại đây](https://trading.vietcap.com.vn/ai-news/post-detail/gas-cong-doan-pv-gas-nhiem-ky-2025-2030-doan-ket-dan-chu-ky-cuong-doi-moi-phat-trien)', 'name': '6. GAS: Công đoàn PV GAS nhiệm kỳ 2025 – 2030: Đoàn kết – Dân chủ - Kỷ cương – Đổi mới – Phát triển', 'inline': False}, {'value': '[Xem chi tiết tại đây](https://trading.vietcap.com.vn/ai-news/post-detail/avc-thuy-dien-a-vuong-avc-chot-danh-sach-tra-co-tuc-con-lai-2024-ty-le-15)', 'name': '7. AVC: Thuỷ điện A Vương (AVC) chốt danh sách trả cổ tức còn lại 2024, tỷ lệ 15%', 'inline': False}, {'value': '[Xem chi tiết tại đây](https://trading.vietcap.com.vn/ai-news/post-detail/fmc-doanh-thu-sao-ta-fmc-giam-manh-trong-thang-11-2025)', 'name': '8. FMC: Doanh thu Sao Ta (FMC) giảm mạnh trong tháng 11/2025', 'inline': False}, {'value': '[Xem chi tiết tại đây](https://trading.vietcap.com.vn/ai-news/post-detail/tng-tng-lap-ky-luc-doanh-thu-gan-8-000-ty-sau-11-thang)', 'name': '9. TNG: TNG lập kỷ lục doanh thu gần 8,000 tỷ sau 11 tháng', 'inline': False}, {'value': '[Xem chi tiết tại đây](https://trading.vietcap.com.vn/ai-news/post-detail/vic-logistics-dong-nam-bo-troi-day-manh-me-cuoi-nam-2025)', 'name': '10. VIC: Logistics Đông Nam Bộ trỗi dậy mạnh mẽ cuối năm 2025', 'inline': False}], 'content_scan_version': 0, 'color': 3447003}], 'edited_timestamp': None, 'content': '', 'components': [], 'channel_type': 0, 'channel_id': '1442840007629996135', 'author': {'username': 'Golden_cat', 'public_flags': 0, 'primary_guild': None, 'id': '1442862200480989256', 'global_name': None, 'display_name_styles': None, 'discriminator': '2671', 'collectibles': None, 'clan': None, 'bot': True, 'avatar_decoration_data': None, 'avatar': None}, 'attachments': [], 'guild_id': '1442840006749323387'}}
[2025-12-02 15:16:13] [DEBUG   ] discord.client: Dispatching event socket_event_type
[2025-12-02 15:16:13] [DEBUG   ] discord.client: Dispatching event message
[2025-12-02 15:16:13] [DEBUG   ] discord.http: POST https://discord.com/api/v10/channels/1442840007629996135/messages with {"embeds":[{"fields":[{"inline":false,"name":"1. DQC: \u00d4ng H\u1ed3 Qu\u1ef3nh H\u01b0ng th\u00f4i l\u00e0m \u0111\u1ea1i di\u1ec7n ph\u00e1p lu\u1eadt \u0110i\u1ec7n Quang","value":"[Xem chi ti\u1ebft t\u1ea1i \u0111\u00e2y](https://trading.vietcap.com.vn/ai-news/post-detail/dqc-ong-ho-quynh-hung-thoi-lam-dai-dien-phap-luat-dien-quang)"},{"inline":false,"name":"2. BSR: Tham gia tri\u1ec3n l\u00e3m t\u1ea1i H\u1ed9i ngh\u1ecb H\u00f3a h\u1ecdc to\u00e0n qu\u1ed1c l\u1ea7n th\u1ee9 9","value":"[Xem chi ti\u1ebft t\u1ea1i \u0111\u00e2y](https://trading.vietcap.com.vn/ai-news/post-detail/bsr-tham-gia-trien-lam-tai-hoi-nghi-hoa-hoc-toan-quoc-lan-thu-9)"},{"inline":false,"name":"3. MCH: V\u00ec sao Masan Consumer ch\u1ecdn th\u1eddi \u0111i\u1ec3m n\u00e0y \u0111\u1ec3 c\u00f4ng b\u1ed1 k\u1ebf ho\u1ea1ch ni\u00eam y\u1ebft HOSE?","value":"[Xem chi ti\u1ebft t\u1ea1i \u0111\u00e2y](https://trading.vietcap.com.vn/ai-news/post-detail/mch-vi-sao-masan-consumer-chon-thoi-diem-nay-de-cong-bo-ke-hoach-niem-yet-hose)"},{"inline":false,"name":"4. MBB: Ng\u00e2n h\u00e0ng \u0111\u1ea7u ti\u00ean t\u0103ng l\u00e3i su\u1ea5t th\u00e1ng 12/2025","value":"[Xem chi ti\u1ebft t\u1ea1i \u0111\u00e2y](https://trading.vietcap.com.vn/ai-news/post-detail/mbb-ngan-hang-dau-tien-tang-lai-suat-thang-12-2025)"},{"inline":false,"name":"5. VNZ: \"Cha \u0111\u1ebb\" Zalo ng\u1ed3i gh\u1ebf Ph\u00f3 Ch\u1ee7 t\u1ecbch H\u0110QT","value":"[Xem chi ti\u1ebft t\u1ea1i \u0111\u00e2y](https://trading.vietcap.com.vn/ai-news/post-detail/vnz-cha-de-zalo-ngoi-ghe-pho-chu-tich-hdqt)"},{"inline":false,"name":"6. GAS: C\u00f4ng \u0111o\u00e0n PV GAS nhi\u1ec7m k\u1ef3 2025 \u2013 2030: \u0110o\u00e0n k\u1ebft \u2013 D\u00e2n ch\u1ee7 - K\u1ef7 c\u01b0\u01a1ng \u2013 \u0110\u1ed5i m\u1edbi \u2013 Ph\u00e1t tri\u1ec3n","value":"[Xem chi ti\u1ebft t\u1ea1i \u0111\u00e2y](https://trading.vietcap.com.vn/ai-news/post-detail/gas-cong-doan-pv-gas-nhiem-ky-2025-2030-doan-ket-dan-chu-ky-cuong-doi-moi-phat-trien)"},{"inline":false,"name":"7. AVC: Thu\u1ef7 \u0111i\u1ec7n A V\u01b0\u01a1ng (AVC) ch\u1ed1t danh s\u00e1ch tr\u1ea3 c\u1ed5 t\u1ee9c c\u00f2n l\u1ea1i 2024, t\u1ef7 l\u1ec7 15%","value":"[Xem chi ti\u1ebft t\u1ea1i \u0111\u00e2y](https://trading.vietcap.com.vn/ai-news/post-detail/avc-thuy-dien-a-vuong-avc-chot-danh-sach-tra-co-tuc-con-lai-2024-ty-le-15)"},{"inline":false,"name":"8. FMC: Doanh thu Sao Ta (FMC) gi\u1ea3m m\u1ea1nh trong th\u00e1ng 11/2025","value":"[Xem chi ti\u1ebft t\u1ea1i \u0111\u00e2y](https://trading.vietcap.com.vn/ai-news/post-detail/fmc-doanh-thu-sao-ta-fmc-giam-manh-trong-thang-11-2025)"},{"inline":false,"name":"9. TNG: TNG l\u1eadp k\u1ef7 l\u1ee5c doanh thu g\u1ea7n 8,000 t\u1ef7 sau 11 th\u00e1ng","value":"[Xem chi ti\u1ebft t\u1ea1i \u0111\u00e2y](https://trading.vietcap.com.vn/ai-news/post-detail/tng-tng-lap-ky-luc-doanh-thu-gan-8-000-ty-sau-11-thang)"},{"inline":false,"name":"10. VIC: Logistics \u0110\u00f4ng Nam B\u1ed9 tr\u1ed7i d\u1eady m\u1ea1nh m\u1ebd cu\u1ed1i n\u0103m 2025","value":"[Xem chi ti\u1ebft t\u1ea1i \u0111\u00e2y](https://trading.vietcap.com.vn/ai-news/post-detail/vic-logistics-dong-nam-bo-troi-day-manh-me-cuoi-nam-2025)"}],"flags":0,"color":3447003,"type":"rich","title":"\ud83d\udcf0 Tin T\u1ee9c M\u1edbi Nh\u1ea5t \ud83d\udcc8"}],"content":null,"components":[],"nonce":"9986453546503044942","enforce_nonce":true,"tts":false} has returned 200
[2025-12-02 15:16:13] [DEBUG   ] discord.http: POST /channels/{channel_id}/messages has found its initial rate limit bucket hash (3df15bae86f6647dd4dfcbd5c6949480).
[2025-12-02 15:16:13] [DEBUG   ] discord.http: POST https://discord.com/api/v10/channels/1442840007629996135/messages has received {'type': 0, 'content': '', 'mentions': [], 'mention_roles': [], 'attachments': [], 'embeds': [{'type': 'rich', 'title': '📰 Tin Tức Mới Nhất 📈', 'color': 3447003, 'fields': [{'name': '1. DQC: Ông Hồ Quỳnh Hưng thôi làm đại diện pháp luật Điện Quang', 'value': '[Xem chi tiết tại đây](https://trading.vietcap.com.vn/ai-news/post-detail/dqc-ong-ho-quynh-hung-thoi-lam-dai-dien-phap-luat-dien-quang)', 'inline': False}, {'name': '2. BSR: Tham gia triển lãm tại Hội nghị Hóa học toàn quốc lần thứ 9', 'value': '[Xem chi tiết tại đây](https://trading.vietcap.com.vn/ai-news/post-detail/bsr-tham-gia-trien-lam-tai-hoi-nghi-hoa-hoc-toan-quoc-lan-thu-9)', 'inline': False}, {'name': '3. MCH: Vì sao Masan Consumer chọn thời điểm này để công bố kế hoạch niêm yết HOSE?', 'value': '[Xem chi tiết tại đây](https://trading.vietcap.com.vn/ai-news/post-detail/mch-vi-sao-masan-consumer-chon-thoi-diem-nay-de-cong-bo-ke-hoach-niem-yet-hose)', 'inline': False}, {'name': '4. MBB: Ngân hàng đầu tiên tăng lãi suất tháng 12/2025', 'value': '[Xem chi tiết tại đây](https://trading.vietcap.com.vn/ai-news/post-detail/mbb-ngan-hang-dau-tien-tang-lai-suat-thang-12-2025)', 'inline': False}, {'name': '5. VNZ: "Cha đẻ" Zalo ngồi ghế Phó Chủ tịch HĐQT', 'value': '[Xem chi tiết tại đây](https://trading.vietcap.com.vn/ai-news/post-detail/vnz-cha-de-zalo-ngoi-ghe-pho-chu-tich-hdqt)', 'inline': False}, {'name': '6. GAS: Công đoàn PV GAS nhiệm kỳ 2025 – 2030: Đoàn kết – Dân chủ - Kỷ cương – Đổi mới – Phát triển', 'value': '[Xem chi tiết tại đây](https://trading.vietcap.com.vn/ai-news/post-detail/gas-cong-doan-pv-gas-nhiem-ky-2025-2030-doan-ket-dan-chu-ky-cuong-doi-moi-phat-trien)', 'inline': False}, {'name': '7. AVC: Thuỷ điện A Vương (AVC) chốt danh sách trả cổ tức còn lại 2024, tỷ lệ 15%', 'value': '[Xem chi tiết tại đây](https://trading.vietcap.com.vn/ai-news/post-detail/avc-thuy-dien-a-vuong-avc-chot-danh-sach-tra-co-tuc-con-lai-2024-ty-le-15)', 'inline': False}, {'name': '8. FMC: Doanh thu Sao Ta (FMC) giảm mạnh trong tháng 11/2025', 'value': '[Xem chi tiết tại đây](https://trading.vietcap.com.vn/ai-news/post-detail/fmc-doanh-thu-sao-ta-fmc-giam-manh-trong-thang-11-2025)', 'inline': False}, {'name': '9. TNG: TNG lập kỷ lục doanh thu gần 8,000 tỷ sau 11 tháng', 'value': '[Xem chi tiết tại đây](https://trading.vietcap.com.vn/ai-news/post-detail/tng-tng-lap-ky-luc-doanh-thu-gan-8-000-ty-sau-11-thang)', 'inline': False}, {'name': '10. VIC: Logistics Đông Nam Bộ trỗi dậy mạnh mẽ cuối năm 2025', 'value': '[Xem chi tiết tại đây](https://trading.vietcap.com.vn/ai-news/post-detail/vic-logistics-dong-nam-bo-troi-day-manh-me-cuoi-nam-2025)', 'inline': False}], 'content_scan_version': 0}], 'timestamp': '2025-12-02T08:16:13.650000+00:00', 'edited_timestamp': None, 'flags': 0, 'components': [], 'id': '1445327687752351828', 'channel_id': '1442840007629996135', 'author': {'id': '1442862200480989256', 'username': 'Golden_cat', 'avatar': None, 'discriminator': '2671', 'public_flags': 0, 'flags': 0, 'bot': True, 'banner': None, 'accent_color': None, 'global_name': None, 'avatar_decoration_data': None, 'collectibles': None, 'display_name_styles': None, 'banner_color': None, 'clan': None, 'primary_guild': None}, 'pinned': False, 'mention_everyone': False, 'tts': False, 'nonce': '9986453546503044942'}
[2025-12-02 15:16:13] [DEBUG   ] discord.client: Dispatching event command_completion
[2025-12-02 15:16:50] [DEBUG   ] discord.gateway: Keeping shard ID None websocket alive with sequence 6.
[2025-12-02 15:16:50] [DEBUG   ] discord.gateway: For Shard ID None: WebSocket Event: {'t': None, 's': None, 'op': 11, 'd': None}
[2025-12-02 15:17:31] [DEBUG   ] discord.gateway: Keeping shard ID None websocket alive with sequence 6.
[2025-12-02 15:17:32] [DEBUG   ] discord.gateway: For Shard ID None: WebSocket Event: {'t': None, 's': None, 'op': 11, 'd': None}
[2025-12-02 15:18:13] [DEBUG   ] discord.gateway: Keeping shard ID None websocket alive with sequence 6.
[2025-12-02 15:18:13] [DEBUG   ] discord.gateway: For Shard ID None: WebSocket Event: {'t': None, 's': None, 'op': 11, 'd': None}
[2025-12-02 15:18:54] [DEBUG   ] discord.gateway: Keeping shard ID None websocket alive with sequence 6.
[2025-12-02 15:18:54] [DEBUG   ] discord.gateway: For Shard ID None: WebSocket Event: {'t': None, 's': None, 'op': 11, 'd': None}
[2025-12-02 15:19:35] [DEBUG   ] discord.gateway: Keeping shard ID None websocket alive with sequence 6.
[2025-12-02 15:19:35] [DEBUG   ] discord.gateway: For Shard ID None: WebSocket Event: {'t': None, 's': None, 'op': 11, 'd': None}
[2025-12-02 15:20:16] [DEBUG   ] discord.gateway: Keeping shard ID None websocket alive with sequence 6.
[2025-12-02 15:20:17] [DEBUG   ] discord.gateway: For Shard ID None: WebSocket Event: {'t': None, 's': None, 'op': 11, 'd': None}
[2025-12-02 15:20:58] [DEBUG   ] discord.gateway: Keeping shard ID None websocket alive with sequence 6.
[2025-12-02 15:20:58] [DEBUG   ] discord.gateway: For Shard ID None: WebSocket Event: {'t': None, 's': None, 'op': 11, 'd': None}
[2025-12-02 15:21:39] [DEBUG   ] discord.gateway: Keeping shard ID None websocket alive with sequence 6.
[2025-12-02 15:21:39] [DEBUG   ] discord.gateway: For Shard ID None: WebSocket Event: {'t': None, 's': None, 'op': 11, 'd': None}
[2025-12-02 15:22:20] [DEBUG   ] discord.gateway: Keeping shard ID None websocket alive with sequence 6.
[2025-12-02 15:22:20] [DEBUG   ] discord.gateway: For Shard ID None: WebSocket Event: {'t': None, 's': None, 'op': 11, 'd': None}
[2025-12-02 15:23:01] [DEBUG   ] discord.gateway: Keeping shard ID None websocket alive with sequence 6.
[2025-12-02 15:23:02] [DEBUG   ] discord.gateway: For Shard ID None: WebSocket Event: {'t': None, 's': None, 'op': 11, 'd': None}
[2025-12-02 15:23:43] [DEBUG   ] discord.gateway: Keeping shard ID None websocket alive with sequence 6.
[2025-12-02 15:23:43] [DEBUG   ] discord.gateway: For Shard ID None: WebSocket Event: {'t': None, 's': None, 'op': 11, 'd': None}
[2025-12-02 15:24:24] [DEBUG   ] discord.gateway: Keeping shard ID None websocket alive with sequence 6.
[2025-12-02 15:24:24] [DEBUG   ] discord.gateway: For Shard ID None: WebSocket Event: {'t': None, 's': None, 'op': 11, 'd': None}
[2025-12-02 15:25:05] [DEBUG   ] discord.gateway: Keeping shard ID None websocket alive with sequence 6.
[2025-12-02 15:25:05] [DEBUG   ] discord.gateway: For Shard ID None: WebSocket Event: {'t': None, 's': None, 'op': 11, 'd': None}
[2025-12-02 15:25:46] [DEBUG   ] discord.gateway: Keeping shard ID None websocket alive with sequence 6.
[2025-12-02 15:25:47] [DEBUG   ] discord.gateway: For Shard ID None: WebSocket Event: {'t': None, 's': None, 'op': 11, 'd': None}
[2025-12-02 15:26:28] [DEBUG   ] discord.gateway: Keeping shard ID None websocket alive with sequence 6.
[2025-12-02 15:26:28] [DEBUG   ] discord.gateway: For Shard ID None: WebSocket Event: {'t': None, 's': None, 'op': 11, 'd': None}
[2025-12-02 15:58:11] [DEBUG   ] discord.gateway: Keeping shard ID None websocket alive with sequence 6.
[2025-12-02 15:58:11] [DEBUG   ] discord.gateway: Received WSMessage(type=<WSMsgType.CLOSED: 257>, data=None, extra=None)
[2025-12-02 15:58:11] [DEBUG   ] discord.gateway: Websocket closed with 1006, attempting a reconnect.
[2025-12-02 15:58:11] [DEBUG   ] discord.client: Got a request to RESUME the websocket.
[2025-12-02 15:58:11] [DEBUG   ] discord.client: Dispatching event disconnect
[2025-12-02 15:58:12] [DEBUG   ] discord.gateway: Created websocket connected to wss://gateway-us-east1-c.discord.gg
[2025-12-02 15:58:12] [DEBUG   ] discord.gateway: For Shard ID None: WebSocket Event: {'t': None, 's': None, 'op': 10, 'd': {'heartbeat_interval': 41250, '_trace': ['["gateway-prd-arm-us-east1-c-wv0v",{"micros":0.0}]']}}
[2025-12-02 15:58:12] [DEBUG   ] discord.gateway: Shard ID None has sent the RESUME payload.
[2025-12-02 15:58:12] [DEBUG   ] discord.gateway: For Shard ID None: WebSocket Event: {'t': None, 's': None, 'op': 11, 'd': None}
[2025-12-02 15:58:12] [DEBUG   ] discord.gateway: For Shard ID None: WebSocket Event: {'t': None, 's': None, 'op': 9, 'd': False}
[2025-12-02 15:58:12] [INFO    ] discord.gateway: Shard ID None session has been invalidated.
[2025-12-02 15:58:13] [DEBUG   ] discord.client: Got a request to IDENTIFY the websocket.
[2025-12-02 15:58:13] [DEBUG   ] discord.client: Dispatching event disconnect
[2025-12-02 15:58:13] [DEBUG   ] discord.gateway: Created websocket connected to wss://gateway-us-east1-c.discord.gg
[2025-12-02 15:58:13] [DEBUG   ] discord.gateway: For Shard ID None: WebSocket Event: {'t': None, 's': None, 'op': 10, 'd': {'heartbeat_interval': 41250, '_trace': ['["gateway-prd-arm-us-east1-c-6sgv",{"micros":0.0}]']}}
[2025-12-02 16:15:54] [DEBUG   ] discord.gateway: Shard ID None has sent the IDENTIFY payload.
[2025-12-02 16:15:54] [DEBUG   ] discord.gateway: For Shard ID None: WebSocket Event: {'t': None, 's': None, 'op': 11, 'd': None}
[2025-12-02 16:15:55] [DEBUG   ] discord.gateway: Received WSMessage(type=<WSMsgType.CLOSED: 257>, data=None, extra=None)
[2025-12-02 16:15:55] [DEBUG   ] discord.gateway: Websocket closed with 1006, attempting a reconnect.
[2025-12-02 16:15:55] [DEBUG   ] discord.client: Got a request to RESUME the websocket.
[2025-12-02 16:15:55] [DEBUG   ] discord.client: Dispatching event disconnect
[2025-12-02 16:15:55] [DEBUG   ] discord.gateway: Created websocket connected to wss://gateway-us-east1-c.discord.gg
[2025-12-02 16:15:55] [DEBUG   ] discord.gateway: For Shard ID None: WebSocket Event: {'t': None, 's': None, 'op': 10, 'd': {'heartbeat_interval': 41250, '_trace': ['["gateway-prd-arm-us-east1-c-3s5v",{"micros":0.0}]']}}
[2025-12-02 16:15:55] [DEBUG   ] discord.gateway: Shard ID None has sent the RESUME payload.
[2025-12-02 16:15:55] [DEBUG   ] discord.gateway: For Shard ID None: WebSocket Event: {'t': None, 's': None, 'op': 11, 'd': None}
[2025-12-02 16:15:55] [DEBUG   ] discord.gateway: For Shard ID None: WebSocket Event: {'t': None, 's': None, 'op': 9, 'd': False}
[2025-12-02 16:15:55] [INFO    ] discord.gateway: Shard ID None session has been invalidated.
[2025-12-02 16:15:55] [DEBUG   ] discord.client: Got a request to IDENTIFY the websocket.
[2025-12-02 16:15:55] [DEBUG   ] discord.client: Dispatching event disconnect
[2025-12-02 16:15:56] [DEBUG   ] discord.gateway: Created websocket connected to wss://gateway-us-east1-c.discord.gg
[2025-12-02 16:15:56] [DEBUG   ] discord.gateway: For Shard ID None: WebSocket Event: {'t': None, 's': None, 'op': 10, 'd': {'heartbeat_interval': 41250, '_trace': ['["gateway-prd-arm-us-east1-c-p6xg",{"micros":0.0}]']}}
[2025-12-02 16:30:58] [DEBUG   ] discord.gateway: Shard ID None has sent the IDENTIFY payload.
[2025-12-02 16:30:58] [DEBUG   ] discord.gateway: For Shard ID None: WebSocket Event: {'t': None, 's': None, 'op': 11, 'd': None}
[2025-12-02 16:30:58] [DEBUG   ] discord.gateway: Received WSMessage(type=<WSMsgType.CLOSED: 257>, data=None, extra=None)
[2025-12-02 16:30:58] [DEBUG   ] discord.gateway: Websocket closed with 1006, attempting a reconnect.
[2025-12-02 16:30:58] [DEBUG   ] discord.client: Got a request to RESUME the websocket.
[2025-12-02 16:30:58] [DEBUG   ] discord.client: Dispatching event disconnect
[2025-12-02 16:30:58] [DEBUG   ] discord.gateway: Created websocket connected to wss://gateway-us-east1-c.discord.gg
[2025-12-02 16:30:58] [DEBUG   ] discord.gateway: For Shard ID None: WebSocket Event: {'t': None, 's': None, 'op': 10, 'd': {'heartbeat_interval': 41250, '_trace': ['["gateway-prd-arm-us-east1-c-mn27",{"micros":0.0}]']}}
[2025-12-02 16:30:58] [DEBUG   ] discord.gateway: Shard ID None has sent the RESUME payload.
[2025-12-02 16:30:58] [DEBUG   ] discord.gateway: For Shard ID None: WebSocket Event: {'t': None, 's': None, 'op': 11, 'd': None}
[2025-12-02 16:30:58] [DEBUG   ] discord.gateway: For Shard ID None: WebSocket Event: {'t': None, 's': None, 'op': 9, 'd': False}
[2025-12-02 16:30:58] [INFO    ] discord.gateway: Shard ID None session has been invalidated.
[2025-12-02 16:30:59] [DEBUG   ] discord.client: Got a request to IDENTIFY the websocket.
[2025-12-02 16:30:59] [DEBUG   ] discord.client: Dispatching event disconnect
[2025-12-02 16:30:59] [DEBUG   ] discord.gateway: Created websocket connected to wss://gateway-us-east1-c.discord.gg
[2025-12-02 16:30:59] [DEBUG   ] discord.gateway: For Shard ID None: WebSocket Event: {'t': None, 's': None, 'op': 10, 'd': {'heartbeat_interval': 41250, '_trace': ['["gateway-prd-arm-us-east1-c-h51d",{"micros":0.0}]']}}
[2025-12-02 16:48:28] [DEBUG   ] discord.gateway: Shard ID None has sent the IDENTIFY payload.
[2025-12-02 16:48:28] [DEBUG   ] discord.gateway: For Shard ID None: WebSocket Event: {'t': None, 's': None, 'op': 11, 'd': None}
[2025-12-02 16:48:28] [DEBUG   ] discord.gateway: Received WSMessage(type=<WSMsgType.CLOSED: 257>, data=None, extra=None)
[2025-12-02 16:48:28] [DEBUG   ] discord.gateway: Websocket closed with 1006, attempting a reconnect.
[2025-12-02 16:48:28] [DEBUG   ] discord.client: Got a request to RESUME the websocket.
[2025-12-02 16:48:28] [DEBUG   ] discord.client: Dispatching event disconnect
[2025-12-02 16:48:28] [DEBUG   ] discord.gateway: Created websocket connected to wss://gateway-us-east1-c.discord.gg
[2025-12-02 16:48:28] [DEBUG   ] discord.gateway: For Shard ID None: WebSocket Event: {'t': None, 's': None, 'op': 10, 'd': {'heartbeat_interval': 41250, '_trace': ['["gateway-prd-arm-us-east1-c-jbhs",{"micros":0.0}]']}}
[2025-12-02 16:48:28] [DEBUG   ] discord.gateway: Shard ID None has sent the RESUME payload.
[2025-12-02 16:48:29] [DEBUG   ] discord.gateway: For Shard ID None: WebSocket Event: {'t': None, 's': None, 'op': 11, 'd': None}
[2025-12-02 16:48:29] [DEBUG   ] discord.gateway: For Shard ID None: WebSocket Event: {'t': None, 's': None, 'op': 9, 'd': False}
[2025-12-02 16:48:29] [INFO    ] discord.gateway: Shard ID None session has been invalidated.
[2025-12-02 16:48:29] [DEBUG   ] discord.client: Got a request to IDENTIFY the websocket.
[2025-12-02 16:48:29] [DEBUG   ] discord.client: Dispatching event disconnect
[2025-12-02 16:54:21] [DEBUG   ] discord.gateway: Created websocket connected to wss://gateway-us-east1-c.discord.gg
[2025-12-02 16:54:21] [DEBUG   ] discord.gateway: For Shard ID None: WebSocket Event: {'t': None, 's': None, 'op': 10, 'd': {'heartbeat_interval': 41250, '_trace': ['["gateway-prd-arm-us-east1-c-lhcx",{"micros":0.0}]']}}
[2025-12-02 16:54:26] [DEBUG   ] discord.gateway: Shard ID None has sent the IDENTIFY payload.
[2025-12-02 16:54:26] [DEBUG   ] discord.gateway: For Shard ID None: WebSocket Event: {'t': None, 's': None, 'op': 11, 'd': None}
[2025-12-02 16:54:27] [DEBUG   ] discord.gateway: For Shard ID None: WebSocket Event: {'t': 'READY', 's': 1, 'op': 0, 'd': {'v': 10, 'user_settings': {}, 'user': {'verified': True, 'username': 'Golden_cat', 'primary_guild': None, 'mfa_enabled': False, 'id': '1442862200480989256', 'global_name': None, 'flags': 0, 'email': None, 'discriminator': '2671', 'clan': None, 'bot': True, 'avatar': None}, 'session_type': 'normal', 'session_id': '572f6af84622d4609cf6b37523a115fd', 'resume_gateway_url': 'wss://gateway-us-east1-c.discord.gg', 'relationships': [], 'private_channels': [], 'presences': [], 'guilds': [{'unavailable': True, 'id': '1442840006749323387'}], 'guild_join_requests': [], 'geo_ordered_rtc_regions': ['singapore', 'hongkong', 'india', 'japan', 'dubai'], 'game_relationships': [], 'auth': {}, 'application': {'id': '1442862200480989256', 'flags': 557056}, '_trace': ['["gateway-prd-arm-us-east1-c-lhcx",{"micros":189104,"calls":["id_created",{"micros":610,"calls":[]},"session_lookup_time",{"micros":223,"calls":[]},"session_lookup_finished",{"micros":9,"calls":[]},"discord-sessions-prd-2-116",{"micros":185123,"calls":["start_session",{"micros":139988,"calls":["discord-api-rpc-7d965664fc-gqn4d",{"micros":60266,"calls":["get_user",{"micros":23415},"get_guilds",{"micros":3238},"send_scheduled_deletion_message",{"micros":14},"guild_join_requests",{"micros":2},"authorized_ip_coro",{"micros":13},"pending_payments",{"micros":547},"apex_experiments",{"micros":71896},"user_activities",{"micros":7},"played_application_ids",{"micros":5},"linked_users",{"micros":3}]}]},"starting_guild_connect",{"micros":52,"calls":[]},"presence_started",{"micros":383,"calls":[]},"guilds_started",{"micros":57,"calls":[]},"lobbies_started",{"micros":0,"calls":[]},"guilds_connect",{"micros":1,"calls":[]},"presence_connect",{"micros":44619,"calls":[]},"connect_finished",{"micros":44627,"calls":[]},"build_ready",{"micros":14,"calls":[]},"clean_ready",{"micros":0,"calls":[]},"optimize_ready",{"micros":1,"calls":[]},"split_ready",{"micros":0,"calls":[]}]}]}]']}}
[2025-12-02 16:54:27] [DEBUG   ] discord.client: Dispatching event socket_event_type
[2025-12-02 16:54:27] [INFO    ] discord.gateway: Shard ID None has connected to Gateway (Session ID: 572f6af84622d4609cf6b37523a115fd).
[2025-12-02 16:54:27] [DEBUG   ] discord.client: Dispatching event connect
[2025-12-02 16:54:27] [DEBUG   ] discord.gateway: For Shard ID None: WebSocket Event: {'t': 'GUILD_CREATE', 's': 2, 'op': 0, 'd': {'members': [{'user': {'username': 'Golden_cat', 'public_flags': 0, 'primary_guild': None, 'id': '1442862200480989256', 'global_name': None, 'display_name_styles': None, 'display_name': None, 'discriminator': '2671', 'collectibles': None, 'bot': True, 'avatar_decoration_data': None, 'avatar': None}, 'roles': ['1442865601583251479'], 'premium_since': None, 'pending': False, 'nick': None, 'mute': False, 'joined_at': '2025-11-25T13:12:46.657000+00:00', 'flags': 0, 'deaf': False, 'communication_disabled_until': None, 'banner': None, 'avatar': None}], 'stage_instances': [], 'large': False, 'latest_onboarding_question_id': None, 'safety_alerts_channel_id': None, 'public_updates_channel_id': None, 'max_video_channel_users': 25, 'profile': None, 'owner_id': '482422953263366144', 'preferred_locale': 'en-US', 'member_count': 2, 'application_command_counts': {}, 'activity_instances': [], 'mfa_level': 0, 'verification_level': 0, 'system_channel_flags': 0, 'max_stage_video_channel_users': 50, 'nsfw_level': 0, 'joined_at': '2025-11-25T13:12:46.657000+00:00', 'id': '1442840006749323387', 'roles': [{'version': 1764070264570, 'unicode_emoji': None, 'tags': {}, 'position': 0, 'permissions': '2248473465835073', 'name': '@everyone', 'mentionable': False, 'managed': False, 'id': '1442840006749323387', 'icon': None, 'hoist': False, 'flags': 0, 'colors': {'tertiary_color': None, 'secondary_color': None, 'primary_color': 0}, 'color': 0}, {'version': 1764076366634, 'unicode_emoji': None, 'tags': {'bot_id': '1442862200480989256'}, 'position': 1, 'permissions': '563276639759424', 'name': 'Golden_cat', 'mentionable': False, 'managed': True, 'id': '1442865601583251479', 'icon': None, 'hoist': False, 'flags': 0, 'colors': {'tertiary_color': None, 'secondary_color': None, 'primary_color': 0}, 'color': 0}], 'name': "tasukete svarogu's server", 'default_message_notifications': 0, 'explicit_content_filter': 0, 'emojis': [], 'premium_features': None, 'embedded_activities': [], 'premium_subscription_count': 0, 'guild_scheduled_events': [], 'home_header': None, 'threads': [], 'vanity_url_code': None, 'channels': [{'version': 1764070264572, 'type': 4, 'position': 0, 'permission_overwrites': [], 'name': 'Text Channels', 'id': '1442840007629996133', 'flags': 0}, {'version': 1764070264575, 'type': 4, 'position': 0, 'permission_overwrites': [], 'name': 'Voice Channels', 'id': '1442840007629996134', 'flags': 0}, {'version': 1764070264580, 'type': 0, 'topic': None, 'rate_limit_per_user': 0, 'position': 0, 'permission_overwrites': [], 'parent_id': '1442840007629996133', 'name': 'general', 'last_message_id': '1445327687752351828', 'id': '1442840007629996135', 'icon_emoji': {'name': '👋', 'id': None}, 'flags': 0}, {'version': 1764070264598, 'user_limit': 0, 'type': 2, 'rtc_region': None, 'rate_limit_per_user': 0, 'position': 0, 'permission_overwrites': [], 'parent_id': '1442840007629996134', 'name': 'General', 'last_message_id': None, 'id': '1442840007629996136', 'icon_emoji': {'name': '🎙', 'id': None}, 'flags': 0, 'bitrate': 64000}], 'application_id': None, 'stickers': [], 'presences': [], 'premium_tier': 0, 'moderator_reporting': None, 'description': None, 'owner_configured_content_level': 0, 'rules_channel_id': None, 'voice_states': [], 'inventory_settings': None, 'nsfw': False, 'hub_type': None, 'discovery_splash': None, 'system_channel_id': '1442840007629996135', 'afk_channel_id': None, 'unavailable': False, 'region': 'deprecated', 'icon': '2110b0f6abf0a7af0ff7461b30a4fc4f', 'soundboard_sounds': [], 'afk_timeout': 300, 'lazy': True, 'premium_progress_bar_enabled': False, 'version': 1764070264606, 'incidents_data': None, 'max_members': 25000000, 'features': [], 'splash': None, 'banner': None}}
[2025-12-02 16:54:27] [DEBUG   ] discord.client: Dispatching event socket_event_type
[2025-12-02 16:54:27] [DEBUG   ] discord.gateway: For Shard ID None: WebSocket Event: {'t': 'GUILD_MEMBERS_CHUNK', 's': 3, 'op': 0, 'd': {'nonce': '645c0338b6c324746e8115b418a313d1', 'members': [{'user': {'username': 'cuccucthanthanh', 'public_flags': 0, 'primary_guild': None, 'id': '482422953263366144', 'global_name': 'tasukete svarogu', 'display_name_styles': None, 'display_name': 'tasukete svarogu', 'discriminator': '0', 'collectibles': None, 'bot': False, 'avatar_decoration_data': None, 'avatar': 'fdd4317564f1e7015a29745b307a769f'}, 'roles': [], 'premium_since': None, 'pending': False, 'nick': None, 'mute': False, 'joined_at': '2025-11-25T11:31:04.487000+00:00', 'flags': 0, 'deaf': False, 'communication_disabled_until': None, 'banner': None, 'avatar': None}, {'user': {'username': 'Golden_cat', 'public_flags': 0, 'primary_guild': None, 'id': '1442862200480989256', 'global_name': None, 'display_name_styles': None, 'display_name': None, 'discriminator': '2671', 'collectibles': None, 'bot': True, 'avatar_decoration_data': None, 'avatar': None}, 'roles': ['1442865601583251479'], 'premium_since': None, 'pending': False, 'nick': None, 'mute': False, 'joined_at': '2025-11-25T13:12:46.657000+00:00', 'flags': 0, 'deaf': False, 'communication_disabled_until': None, 'banner': None, 'avatar': None}], 'guild_id': '1442840006749323387', 'chunk_index': 0, 'chunk_count': 1}}
[2025-12-02 16:54:27] [DEBUG   ] discord.client: Dispatching event socket_event_type
[2025-12-02 16:54:27] [DEBUG   ] discord.state: Processed a chunk for 2 members in guild ID 1442840006749323387.
[2025-12-02 17:11:50] [DEBUG   ] discord.client: Dispatching event guild_available
[2025-12-02 17:11:50] [DEBUG   ] discord.client: Dispatching event ready
[2025-12-02 17:22:22] [DEBUG   ] discord.gateway: Keeping shard ID None websocket alive with sequence 3.
[2025-12-02 17:22:22] [DEBUG   ] discord.gateway: Received WSMessage(type=<WSMsgType.CLOSED: 257>, data=None, extra=None)
[2025-12-02 17:22:22] [DEBUG   ] discord.gateway: Websocket closed with 1006, attempting a reconnect.
[2025-12-02 17:22:22] [DEBUG   ] discord.client: Got a request to RESUME the websocket.
[2025-12-02 17:22:22] [DEBUG   ] discord.client: Dispatching event disconnect
[2025-12-02 17:22:23] [DEBUG   ] discord.gateway: Created websocket connected to wss://gateway-us-east1-c.discord.gg
[2025-12-02 17:22:23] [DEBUG   ] discord.gateway: For Shard ID None: WebSocket Event: {'t': None, 's': None, 'op': 10, 'd': {'heartbeat_interval': 41250, '_trace': ['["gateway-prd-arm-us-east1-c-02nb",{"micros":0.0}]']}}
[2025-12-02 17:22:23] [DEBUG   ] discord.gateway: Shard ID None has sent the RESUME payload.
[2025-12-02 17:22:23] [DEBUG   ] discord.gateway: For Shard ID None: WebSocket Event: {'t': None, 's': None, 'op': 11, 'd': None}
[2025-12-02 17:22:23] [DEBUG   ] discord.gateway: For Shard ID None: WebSocket Event: {'t': None, 's': None, 'op': 9, 'd': False}
[2025-12-02 17:22:23] [INFO    ] discord.gateway: Shard ID None session has been invalidated.
[2025-12-02 17:22:24] [DEBUG   ] discord.client: Got a request to IDENTIFY the websocket.
[2025-12-02 17:22:24] [DEBUG   ] discord.client: Dispatching event disconnect
[2025-12-02 17:22:24] [DEBUG   ] discord.gateway: Created websocket connected to wss://gateway-us-east1-c.discord.gg
[2025-12-02 17:22:24] [DEBUG   ] discord.gateway: For Shard ID None: WebSocket Event: {'t': None, 's': None, 'op': 10, 'd': {'heartbeat_interval': 41250, '_trace': ['["gateway-prd-arm-us-east1-c-h51d",{"micros":0.0}]']}}
[2025-12-02 17:22:29] [DEBUG   ] discord.gateway: Shard ID None has sent the IDENTIFY payload.
[2025-12-02 17:22:29] [DEBUG   ] discord.gateway: For Shard ID None: WebSocket Event: {'t': None, 's': None, 'op': 11, 'd': None}
[2025-12-02 17:22:31] [DEBUG   ] discord.gateway: For Shard ID None: WebSocket Event: {'t': 'READY', 's': 1, 'op': 0, 'd': {'v': 10, 'user_settings': {}, 'user': {'verified': True, 'username': 'Golden_cat', 'primary_guild': None, 'mfa_enabled': False, 'id': '1442862200480989256', 'global_name': None, 'flags': 0, 'email': None, 'discriminator': '2671', 'clan': None, 'bot': True, 'avatar': None}, 'session_type': 'normal', 'session_id': '6aeadc8a06458a5cc3297eaf8835eba3', 'resume_gateway_url': 'wss://gateway-us-east1-c.discord.gg', 'relationships': [], 'private_channels': [], 'presences': [], 'guilds': [{'unavailable': True, 'id': '1442840006749323387'}], 'guild_join_requests': [], 'geo_ordered_rtc_regions': ['singapore', 'hongkong', 'india', 'japan', 'dubai'], 'game_relationships': [], 'auth': {}, 'application': {'id': '1442862200480989256', 'flags': 557056}, '_trace': ['["gateway-prd-arm-us-east1-c-h51d",{"micros":1736271,"calls":["id_created",{"micros":556,"calls":[]},"session_lookup_time",{"micros":158,"calls":[]},"session_lookup_finished",{"micros":10,"calls":[]},"discord-sessions-prd-2-149",{"micros":1735283,"calls":["start_session",{"micros":1706353,"calls":["discord-api-continuous-canary-rpc-544cbcfd9b-jxj5r",{"micros":1613610,"calls":["get_user",{"micros":41222},"get_guilds",{"micros":86839},"send_scheduled_deletion_message",{"micros":13},"guild_join_requests",{"micros":11},"authorized_ip_coro",{"micros":11},"pending_payments",{"micros":515},"apex_experiments",{"micros":65413},"user_activities",{"micros":5},"played_application_ids",{"micros":2},"linked_users",{"micros":2}]}]},"starting_guild_connect",{"micros":31,"calls":[]},"presence_started",{"micros":337,"calls":[]},"guilds_started",{"micros":66,"calls":[]},"lobbies_started",{"micros":1,"calls":[]},"guilds_connect",{"micros":1,"calls":[]},"presence_connect",{"micros":28471,"calls":[]},"connect_finished",{"micros":28480,"calls":[]},"build_ready",{"micros":11,"calls":[]},"clean_ready",{"micros":1,"calls":[]},"optimize_ready",{"micros":1,"calls":[]},"split_ready",{"micros":0,"calls":[]}]}]}]']}}
[2025-12-02 17:22:31] [DEBUG   ] discord.client: Dispatching event socket_event_type
[2025-12-02 17:22:31] [INFO    ] discord.gateway: Shard ID None has connected to Gateway (Session ID: 6aeadc8a06458a5cc3297eaf8835eba3).
[2025-12-02 17:22:31] [DEBUG   ] discord.client: Dispatching event connect
[2025-12-02 17:22:31] [DEBUG   ] discord.gateway: For Shard ID None: WebSocket Event: {'t': 'GUILD_CREATE', 's': 2, 'op': 0, 'd': {'vanity_url_code': None, 'roles': [{'version': 1764070264570, 'unicode_emoji': None, 'tags': {}, 'position': 0, 'permissions': '2248473465835073', 'name': '@everyone', 'mentionable': False, 'managed': False, 'id': '1442840006749323387', 'icon': None, 'hoist': False, 'flags': 0, 'colors': {'tertiary_color': None, 'secondary_color': None, 'primary_color': 0}, 'color': 0}, {'version': 1764076366634, 'unicode_emoji': None, 'tags': {'bot_id': '1442862200480989256'}, 'position': 1, 'permissions': '563276639759424', 'name': 'Golden_cat', 'mentionable': False, 'managed': True, 'id': '1442865601583251479', 'icon': None, 'hoist': False, 'flags': 0, 'colors': {'tertiary_color': None, 'secondary_color': None, 'primary_color': 0}, 'color': 0}], 'profile': None, 'emojis': [], 'system_channel_flags': 0, 'system_channel_id': '1442840007629996135', 'max_stage_video_channel_users': 50, 'application_command_counts': {}, 'premium_subscription_count': 0, 'guild_scheduled_events': [], 'joined_at': '2025-11-25T13:12:46.657000+00:00', 'application_id': None, 'discovery_splash': None, 'moderator_reporting': None, 'id': '1442840006749323387', 'embedded_activities': [], 'name': "tasukete svarogu's server", 'member_count': 2, 'large': False, 'threads': [], 'rules_channel_id': None, 'stage_instances': [], 'owner_id': '482422953263366144', 'splash': None, 'description': None, 'owner_configured_content_level': 0, 'latest_onboarding_question_id': None, 'premium_tier': 0, 'features': [], 'max_members': 25000000, 'default_message_notifications': 0, 'preferred_locale': 'en-US', 'afk_channel_id': None, 'incidents_data': None, 'hub_type': None, 'region': 'deprecated', 'premium_features': None, 'activity_instances': [], 'voice_states': [], 'lazy': True, 'max_video_channel_users': 25, 'nsfw_level': 0, 'unavailable': False, 'afk_timeout': 300, 'premium_progress_bar_enabled': False, 'members': [{'user': {'username': 'Golden_cat', 'public_flags': 0, 'primary_guild': None, 'id': '1442862200480989256', 'global_name': None, 'display_name_styles': None, 'display_name': None, 'discriminator': '2671', 'collectibles': None, 'bot': True, 'avatar_decoration_data': None, 'avatar': None}, 'roles': ['1442865601583251479'], 'premium_since': None, 'pending': False, 'nick': None, 'mute': False, 'joined_at': '2025-11-25T13:12:46.657000+00:00', 'flags': 0, 'deaf': False, 'communication_disabled_until': None, 'banner': None, 'avatar': None}], 'verification_level': 0, 'safety_alerts_channel_id': None, 'explicit_content_filter': 0, 'presences': [], 'mfa_level': 0, 'nsfw': False, 'icon': '2110b0f6abf0a7af0ff7461b30a4fc4f', 'soundboard_sounds': [], 'public_updates_channel_id': None, 'version': 1764070264606, 'home_header': None, 'channels': [{'version': 1764070264572, 'type': 4, 'position': 0, 'permission_overwrites': [], 'name': 'Text Channels', 'id': '1442840007629996133', 'flags': 0}, {'version': 1764070264575, 'type': 4, 'position': 0, 'permission_overwrites': [], 'name': 'Voice Channels', 'id': '1442840007629996134', 'flags': 0}, {'version': 1764070264580, 'type': 0, 'topic': None, 'rate_limit_per_user': 0, 'position': 0, 'permission_overwrites': [], 'parent_id': '1442840007629996133', 'name': 'general', 'last_message_id': '1445327687752351828', 'id': '1442840007629996135', 'icon_emoji': {'name': '👋', 'id': None}, 'flags': 0}, {'version': 1764070264598, 'user_limit': 0, 'type': 2, 'rtc_region': None, 'rate_limit_per_user': 0, 'position': 0, 'permission_overwrites': [], 'parent_id': '1442840007629996134', 'name': 'General', 'last_message_id': None, 'id': '1442840007629996136', 'icon_emoji': {'name': '🎙', 'id': None}, 'flags': 0, 'bitrate': 64000}], 'inventory_settings': None, 'stickers': [], 'banner': None}}
[2025-12-02 17:22:31] [DEBUG   ] discord.client: Dispatching event socket_event_type
[2025-12-02 17:22:31] [DEBUG   ] discord.gateway: For Shard ID None: WebSocket Event: {'t': 'GUILD_MEMBERS_CHUNK', 's': 3, 'op': 0, 'd': {'nonce': '0b48b7a593ccb911abb669d7a89ba6bc', 'members': [{'user': {'username': 'cuccucthanthanh', 'public_flags': 0, 'primary_guild': None, 'id': '482422953263366144', 'global_name': 'tasukete svarogu', 'display_name_styles': None, 'display_name': 'tasukete svarogu', 'discriminator': '0', 'collectibles': None, 'bot': False, 'avatar_decoration_data': None, 'avatar': 'fdd4317564f1e7015a29745b307a769f'}, 'roles': [], 'premium_since': None, 'pending': False, 'nick': None, 'mute': False, 'joined_at': '2025-11-25T11:31:04.487000+00:00', 'flags': 0, 'deaf': False, 'communication_disabled_until': None, 'banner': None, 'avatar': None}, {'user': {'username': 'Golden_cat', 'public_flags': 0, 'primary_guild': None, 'id': '1442862200480989256', 'global_name': None, 'display_name_styles': None, 'display_name': None, 'discriminator': '2671', 'collectibles': None, 'bot': True, 'avatar_decoration_data': None, 'avatar': None}, 'roles': ['1442865601583251479'], 'premium_since': None, 'pending': False, 'nick': None, 'mute': False, 'joined_at': '2025-11-25T13:12:46.657000+00:00', 'flags': 0, 'deaf': False, 'communication_disabled_until': None, 'banner': None, 'avatar': None}], 'guild_id': '1442840006749323387', 'chunk_index': 0, 'chunk_count': 1}}
[2025-12-02 17:22:31] [DEBUG   ] discord.client: Dispatching event socket_event_type
[2025-12-02 17:22:31] [DEBUG   ] discord.state: Processed a chunk for 2 members in guild ID 1442840006749323387.
[2025-12-02 17:22:33] [DEBUG   ] discord.client: Dispatching event guild_available
[2025-12-02 17:22:33] [DEBUG   ] discord.client: Dispatching event ready
[2025-12-02 17:23:05] [DEBUG   ] discord.gateway: Keeping shard ID None websocket alive with sequence 3.
[2025-12-02 17:23:06] [DEBUG   ] discord.gateway: For Shard ID None: WebSocket Event: {'t': None, 's': None, 'op': 11, 'd': None}
[2025-12-02 17:23:47] [DEBUG   ] discord.gateway: Keeping shard ID None websocket alive with sequence 3.
[2025-12-02 17:23:47] [DEBUG   ] discord.gateway: For Shard ID None: WebSocket Event: {'t': None, 's': None, 'op': 11, 'd': None}
[2025-12-02 18:06:32] [DEBUG   ] discord.gateway: Keeping shard ID None websocket alive with sequence 3.
[2025-12-02 18:06:32] [DEBUG   ] discord.gateway: Received WSMessage(type=<WSMsgType.CLOSED: 257>, data=None, extra=None)
[2025-12-02 18:06:32] [DEBUG   ] discord.gateway: Websocket closed with 1006, attempting a reconnect.
[2025-12-02 18:06:32] [DEBUG   ] discord.client: Got a request to RESUME the websocket.
[2025-12-02 18:06:32] [DEBUG   ] discord.client: Dispatching event disconnect
[2025-12-02 18:06:41] [DEBUG   ] discord.gateway: Created websocket connected to wss://gateway-us-east1-c.discord.gg
[2025-12-02 18:06:41] [DEBUG   ] discord.gateway: For Shard ID None: WebSocket Event: {'t': None, 's': None, 'op': 10, 'd': {'heartbeat_interval': 41250, '_trace': ['["gateway-prd-arm-us-east1-c-kbs4",{"micros":0.0}]']}}
[2025-12-02 18:06:41] [DEBUG   ] discord.gateway: Shard ID None has sent the RESUME payload.
[2025-12-02 18:06:41] [DEBUG   ] discord.gateway: For Shard ID None: WebSocket Event: {'t': None, 's': None, 'op': 11, 'd': None}
[2025-12-02 18:06:41] [DEBUG   ] discord.gateway: For Shard ID None: WebSocket Event: {'t': None, 's': None, 'op': 9, 'd': False}
[2025-12-02 18:06:41] [INFO    ] discord.gateway: Shard ID None session has been invalidated.
[2025-12-02 18:06:41] [DEBUG   ] discord.client: Got a request to IDENTIFY the websocket.
[2025-12-02 18:06:41] [DEBUG   ] discord.client: Dispatching event disconnect
[2025-12-02 18:06:42] [DEBUG   ] discord.gateway: Created websocket connected to wss://gateway-us-east1-c.discord.gg
[2025-12-02 18:06:42] [DEBUG   ] discord.gateway: For Shard ID None: WebSocket Event: {'t': None, 's': None, 'op': 10, 'd': {'heartbeat_interval': 41250, '_trace': ['["gateway-prd-arm-us-east1-c-mn27",{"micros":0.0}]']}}
[2025-12-02 18:24:35] [DEBUG   ] discord.gateway: Shard ID None has sent the IDENTIFY payload.
[2025-12-02 18:24:35] [DEBUG   ] discord.gateway: For Shard ID None: WebSocket Event: {'t': None, 's': None, 'op': 11, 'd': None}
[2025-12-02 18:24:36] [DEBUG   ] discord.gateway: Received WSMessage(type=<WSMsgType.CLOSED: 257>, data=None, extra=None)
[2025-12-02 18:24:36] [DEBUG   ] discord.gateway: Websocket closed with 1006, attempting a reconnect.
[2025-12-02 18:24:36] [DEBUG   ] discord.client: Got a request to RESUME the websocket.
[2025-12-02 18:24:36] [DEBUG   ] discord.client: Dispatching event disconnect
[2025-12-02 18:24:36] [DEBUG   ] discord.gateway: Created websocket connected to wss://gateway-us-east1-c.discord.gg
[2025-12-02 18:24:36] [DEBUG   ] discord.gateway: For Shard ID None: WebSocket Event: {'t': None, 's': None, 'op': 10, 'd': {'heartbeat_interval': 41250, '_trace': ['["gateway-prd-arm-us-east1-c-80sm",{"micros":0.0}]']}}
[2025-12-02 18:24:36] [DEBUG   ] discord.gateway: Shard ID None has sent the RESUME payload.
[2025-12-02 18:24:36] [DEBUG   ] discord.gateway: For Shard ID None: WebSocket Event: {'t': None, 's': None, 'op': 11, 'd': None}
[2025-12-02 18:24:36] [DEBUG   ] discord.gateway: For Shard ID None: WebSocket Event: {'t': None, 's': None, 'op': 9, 'd': False}
[2025-12-02 18:24:36] [INFO    ] discord.gateway: Shard ID None session has been invalidated.
[2025-12-02 18:24:37] [DEBUG   ] discord.client: Got a request to IDENTIFY the websocket.
[2025-12-02 18:24:37] [DEBUG   ] discord.client: Dispatching event disconnect
[2025-12-02 18:24:37] [DEBUG   ] discord.gateway: Created websocket connected to wss://gateway-us-east1-c.discord.gg
[2025-12-02 18:24:37] [DEBUG   ] discord.gateway: For Shard ID None: WebSocket Event: {'t': None, 's': None, 'op': 10, 'd': {'heartbeat_interval': 41250, '_trace': ['["gateway-prd-arm-us-east1-c-pjvf",{"micros":0.0}]']}}
[2025-12-02 18:28:05] [DEBUG   ] discord.gateway: Shard ID None has sent the IDENTIFY payload.
[2025-12-02 18:28:05] [DEBUG   ] discord.gateway: For Shard ID None: WebSocket Event: {'t': None, 's': None, 'op': 11, 'd': None}
[2025-12-02 18:28:05] [DEBUG   ] discord.gateway: Received WSMessage(type=<WSMsgType.CLOSED: 257>, data=None, extra=None)
[2025-12-02 18:28:05] [DEBUG   ] discord.gateway: Websocket closed with 1006, attempting a reconnect.
[2025-12-02 18:28:05] [DEBUG   ] discord.client: Got a request to RESUME the websocket.
[2025-12-02 18:28:05] [DEBUG   ] discord.client: Dispatching event disconnect
[2025-12-02 18:28:05] [DEBUG   ] discord.gateway: Created websocket connected to wss://gateway-us-east1-c.discord.gg
[2025-12-02 18:28:05] [DEBUG   ] discord.gateway: For Shard ID None: WebSocket Event: {'t': None, 's': None, 'op': 10, 'd': {'heartbeat_interval': 41250, '_trace': ['["gateway-prd-arm-us-east1-c-frvv",{"micros":0.0}]']}}
[2025-12-02 18:28:05] [DEBUG   ] discord.gateway: Shard ID None has sent the RESUME payload.
[2025-12-02 18:28:06] [DEBUG   ] discord.gateway: For Shard ID None: WebSocket Event: {'t': None, 's': None, 'op': 11, 'd': None}
[2025-12-02 18:28:06] [DEBUG   ] discord.gateway: For Shard ID None: WebSocket Event: {'t': None, 's': None, 'op': 9, 'd': False}
[2025-12-02 18:28:06] [INFO    ] discord.gateway: Shard ID None session has been invalidated.
[2025-12-02 18:28:06] [DEBUG   ] discord.client: Got a request to IDENTIFY the websocket.
[2025-12-02 18:28:06] [DEBUG   ] discord.client: Dispatching event disconnect
[2025-12-02 18:28:06] [DEBUG   ] discord.gateway: Created websocket connected to wss://gateway-us-east1-c.discord.gg
[2025-12-02 18:28:06] [DEBUG   ] discord.gateway: For Shard ID None: WebSocket Event: {'t': None, 's': None, 'op': 10, 'd': {'heartbeat_interval': 41250, '_trace': ['["gateway-prd-arm-us-east1-c-0v16",{"micros":0.0}]']}}
[2025-12-02 18:30:45] [DEBUG   ] discord.gateway: Shard ID None has sent the IDENTIFY payload.
[2025-12-02 18:30:46] [DEBUG   ] discord.gateway: For Shard ID None: WebSocket Event: {'t': None, 's': None, 'op': 11, 'd': None}
[2025-12-02 18:30:46] [DEBUG   ] discord.gateway: Received WSMessage(type=<WSMsgType.CLOSED: 257>, data=None, extra=None)
[2025-12-02 18:30:46] [DEBUG   ] discord.gateway: Websocket closed with 1006, attempting a reconnect.
[2025-12-02 18:30:46] [DEBUG   ] discord.client: Got a request to RESUME the websocket.
[2025-12-02 18:30:46] [DEBUG   ] discord.client: Dispatching event disconnect
[2025-12-02 18:30:47] [DEBUG   ] discord.gateway: Created websocket connected to wss://gateway-us-east1-c.discord.gg
[2025-12-02 18:30:47] [DEBUG   ] discord.gateway: For Shard ID None: WebSocket Event: {'t': None, 's': None, 'op': 10, 'd': {'heartbeat_interval': 41250, '_trace': ['["gateway-prd-arm-us-east1-c-82v4",{"micros":0.0}]']}}
[2025-12-02 18:30:47] [DEBUG   ] discord.gateway: Shard ID None has sent the RESUME payload.
[2025-12-02 18:30:47] [DEBUG   ] discord.gateway: For Shard ID None: WebSocket Event: {'t': None, 's': None, 'op': 11, 'd': None}
[2025-12-02 18:30:47] [DEBUG   ] discord.gateway: For Shard ID None: WebSocket Event: {'t': None, 's': None, 'op': 9, 'd': False}
[2025-12-02 18:30:47] [INFO    ] discord.gateway: Shard ID None session has been invalidated.
[2025-12-02 18:30:47] [DEBUG   ] discord.client: Got a request to IDENTIFY the websocket.
[2025-12-02 18:30:47] [DEBUG   ] discord.client: Dispatching event disconnect
[2025-12-02 18:30:48] [DEBUG   ] discord.gateway: Created websocket connected to wss://gateway-us-east1-c.discord.gg
[2025-12-02 18:30:48] [DEBUG   ] discord.gateway: For Shard ID None: WebSocket Event: {'t': None, 's': None, 'op': 10, 'd': {'heartbeat_interval': 41250, '_trace': ['["gateway-prd-arm-us-east1-c-959s",{"micros":0.0}]']}}
[2025-12-02 18:30:53] [DEBUG   ] discord.gateway: Shard ID None has sent the IDENTIFY payload.
[2025-12-02 18:30:53] [DEBUG   ] discord.gateway: For Shard ID None: WebSocket Event: {'t': None, 's': None, 'op': 11, 'd': None}
[2025-12-02 18:30:53] [DEBUG   ] discord.gateway: For Shard ID None: WebSocket Event: {'t': 'READY', 's': 1, 'op': 0, 'd': {'v': 10, 'user_settings': {}, 'user': {'verified': True, 'username': 'Golden_cat', 'primary_guild': None, 'mfa_enabled': False, 'id': '1442862200480989256', 'global_name': None, 'flags': 0, 'email': None, 'discriminator': '2671', 'clan': None, 'bot': True, 'avatar': None}, 'session_type': 'normal', 'session_id': '1249703d00f6f1ee3730464e69f82ada', 'resume_gateway_url': 'wss://gateway-us-east1-c.discord.gg', 'relationships': [], 'private_channels': [], 'presences': [], 'guilds': [{'unavailable': True, 'id': '1442840006749323387'}], 'guild_join_requests': [], 'geo_ordered_rtc_regions': ['singapore', 'hongkong', 'india', 'japan', 'dubai'], 'game_relationships': [], 'auth': {}, 'application': {'id': '1442862200480989256', 'flags': 557056}, '_trace': ['["gateway-prd-arm-us-east1-c-959s",{"micros":234406,"calls":["id_created",{"micros":534,"calls":[]},"session_lookup_time",{"micros":483,"calls":[]},"session_lookup_finished",{"micros":9,"calls":[]},"discord-sessions-prd-2-77",{"micros":233042,"calls":["start_session",{"micros":196245,"calls":["discord-api-rpc-7d965664fc-qbdtb",{"micros":69424,"calls":["get_user",{"micros":8993},"get_guilds",{"micros":5539},"send_scheduled_deletion_message",{"micros":19},"guild_join_requests",{"micros":235},"authorized_ip_coro",{"micros":50},"pending_payments",{"micros":854},"apex_experiments",{"micros":112506},"user_activities",{"micros":10},"played_application_ids",{"micros":4},"linked_users",{"micros":3}]}]},"starting_guild_connect",{"micros":28,"calls":[]},"presence_started",{"micros":15298,"calls":[]},"guilds_started",{"micros":46,"calls":[]},"lobbies_started",{"micros":1,"calls":[]},"guilds_connect",{"micros":2,"calls":[]},"presence_connect",{"micros":21394,"calls":[]},"connect_finished",{"micros":21401,"calls":[]},"build_ready",{"micros":11,"calls":[]},"clean_ready",{"micros":0,"calls":[]},"optimize_ready",{"micros":1,"calls":[]},"split_ready",{"micros":10,"calls":[]}]}]}]']}}
[2025-12-02 18:30:53] [DEBUG   ] discord.client: Dispatching event socket_event_type
[2025-12-02 18:30:53] [INFO    ] discord.gateway: Shard ID None has connected to Gateway (Session ID: 1249703d00f6f1ee3730464e69f82ada).
[2025-12-02 18:30:53] [DEBUG   ] discord.client: Dispatching event connect
[2025-12-02 18:30:53] [DEBUG   ] discord.gateway: For Shard ID None: WebSocket Event: {'t': 'GUILD_CREATE', 's': 2, 'op': 0, 'd': {'owner_id': '482422953263366144', 'discovery_splash': None, 'premium_tier': 0, 'profile': None, 'guild_scheduled_events': [], 'premium_subscription_count': 0, 'premium_features': None, 'max_stage_video_channel_users': 50, 'inventory_settings': None, 'application_command_counts': {}, 'stickers': [], 'joined_at': '2025-11-25T13:12:46.657000+00:00', 'system_channel_flags': 0, 'id': '1442840006749323387', 'emojis': [], 'name': "tasukete svarogu's server", 'roles': [{'version': 1764070264570, 'unicode_emoji': None, 'tags': {}, 'position': 0, 'permissions': '2248473465835073', 'name': '@everyone', 'mentionable': False, 'managed': False, 'id': '1442840006749323387', 'icon': None, 'hoist': False, 'flags': 0, 'colors': {'tertiary_color': None, 'secondary_color': None, 'primary_color': 0}, 'color': 0}, {'version': 1764076366634, 'unicode_emoji': None, 'tags': {'bot_id': '1442862200480989256'}, 'position': 1, 'permissions': '563276639759424', 'name': 'Golden_cat', 'mentionable': False, 'managed': True, 'id': '1442865601583251479', 'icon': None, 'hoist': False, 'flags': 0, 'colors': {'tertiary_color': None, 'secondary_color': None, 'primary_color': 0}, 'color': 0}], 'large': False, 'threads': [], 'latest_onboarding_question_id': None, 'region': 'deprecated', 'hub_type': None, 'soundboard_sounds': [], 'unavailable': False, 'verification_level': 0, 'rules_channel_id': None, 'description': None, 'afk_timeout': 300, 'preferred_locale': 'en-US', 'home_header': None, 'default_message_notifications': 0, 'public_updates_channel_id': None, 'application_id': None, 'embedded_activities': [], 'max_video_channel_users': 25, 'explicit_content_filter': 0, 'voice_states': [], 'nsfw': False, 'max_members': 25000000, 'owner_configured_content_level': 0, 'afk_channel_id': None, 'safety_alerts_channel_id': None, 'channels': [{'version': 1764070264572, 'type': 4, 'position': 0, 'permission_overwrites': [], 'name': 'Text Channels', 'id': '1442840007629996133', 'flags': 0}, {'version': 1764070264575, 'type': 4, 'position': 0, 'permission_overwrites': [], 'name': 'Voice Channels', 'id': '1442840007629996134', 'flags': 0}, {'version': 1764070264580, 'type': 0, 'topic': None, 'rate_limit_per_user': 0, 'position': 0, 'permission_overwrites': [], 'parent_id': '1442840007629996133', 'name': 'general', 'last_message_id': '1445327687752351828', 'id': '1442840007629996135', 'icon_emoji': {'name': '👋', 'id': None}, 'flags': 0}, {'version': 1764070264598, 'user_limit': 0, 'type': 2, 'rtc_region': None, 'rate_limit_per_user': 0, 'position': 0, 'permission_overwrites': [], 'parent_id': '1442840007629996134', 'name': 'General', 'last_message_id': None, 'id': '1442840007629996136', 'icon_emoji': {'name': '🎙', 'id': None}, 'flags': 0, 'bitrate': 64000}], 'member_count': 2, 'activity_instances': [], 'incidents_data': None, 'icon': '2110b0f6abf0a7af0ff7461b30a4fc4f', 'premium_progress_bar_enabled': False, 'mfa_level': 0, 'stage_instances': [], 'lazy': True, 'nsfw_level': 0, 'splash': None, 'features': [], 'system_channel_id': '1442840007629996135', 'version': 1764070264606, 'moderator_reporting': None, 'presences': [], 'banner': None, 'vanity_url_code': None, 'members': [{'user': {'username': 'Golden_cat', 'public_flags': 0, 'primary_guild': None, 'id': '1442862200480989256', 'global_name': None, 'display_name_styles': None, 'display_name': None, 'discriminator': '2671', 'collectibles': None, 'bot': True, 'avatar_decoration_data': None, 'avatar': None}, 'roles': ['1442865601583251479'], 'premium_since': None, 'pending': False, 'nick': None, 'mute': False, 'joined_at': '2025-11-25T13:12:46.657000+00:00', 'flags': 0, 'deaf': False, 'communication_disabled_until': None, 'banner': None, 'avatar': None}]}}
[2025-12-02 18:30:53] [DEBUG   ] discord.client: Dispatching event socket_event_type
[2025-12-02 18:30:54] [DEBUG   ] discord.gateway: For Shard ID None: WebSocket Event: {'t': 'GUILD_MEMBERS_CHUNK', 's': 3, 'op': 0, 'd': {'nonce': '928bfa4c7bd32ac2d951fb22ef0d380e', 'members': [{'user': {'username': 'cuccucthanthanh', 'public_flags': 0, 'primary_guild': None, 'id': '482422953263366144', 'global_name': 'tasukete svarogu', 'display_name_styles': None, 'display_name': 'tasukete svarogu', 'discriminator': '0', 'collectibles': None, 'bot': False, 'avatar_decoration_data': None, 'avatar': 'fdd4317564f1e7015a29745b307a769f'}, 'roles': [], 'premium_since': None, 'pending': False, 'nick': None, 'mute': False, 'joined_at': '2025-11-25T11:31:04.487000+00:00', 'flags': 0, 'deaf': False, 'communication_disabled_until': None, 'banner': None, 'avatar': None}, {'user': {'username': 'Golden_cat', 'public_flags': 0, 'primary_guild': None, 'id': '1442862200480989256', 'global_name': None, 'display_name_styles': None, 'display_name': None, 'discriminator': '2671', 'collectibles': None, 'bot': True, 'avatar_decoration_data': None, 'avatar': None}, 'roles': ['1442865601583251479'], 'premium_since': None, 'pending': False, 'nick': None, 'mute': False, 'joined_at': '2025-11-25T13:12:46.657000+00:00', 'flags': 0, 'deaf': False, 'communication_disabled_until': None, 'banner': None, 'avatar': None}], 'guild_id': '1442840006749323387', 'chunk_index': 0, 'chunk_count': 1}}
[2025-12-02 18:30:54] [DEBUG   ] discord.client: Dispatching event socket_event_type
[2025-12-02 18:30:54] [DEBUG   ] discord.state: Processed a chunk for 2 members in guild ID 1442840006749323387.
[2025-12-02 18:30:55] [DEBUG   ] discord.client: Dispatching event guild_available
[2025-12-02 18:30:55] [DEBUG   ] discord.client: Dispatching event ready
[2025-12-02 18:31:29] [DEBUG   ] discord.gateway: Keeping shard ID None websocket alive with sequence 3.
[2025-12-02 18:31:29] [DEBUG   ] discord.gateway: For Shard ID None: WebSocket Event: {'t': None, 's': None, 'op': 11, 'd': None}
[2025-12-02 18:32:10] [DEBUG   ] discord.gateway: Keeping shard ID None websocket alive with sequence 3.
[2025-12-02 18:32:10] [DEBUG   ] discord.gateway: For Shard ID None: WebSocket Event: {'t': None, 's': None, 'op': 11, 'd': None}
[2025-12-02 18:32:51] [DEBUG   ] discord.gateway: Keeping shard ID None websocket alive with sequence 3.
[2025-12-02 18:32:52] [DEBUG   ] discord.gateway: For Shard ID None: WebSocket Event: {'t': None, 's': None, 'op': 11, 'd': None}
[2025-12-02 18:33:33] [DEBUG   ] discord.gateway: Keeping shard ID None websocket alive with sequence 3.
[2025-12-02 18:33:33] [DEBUG   ] discord.gateway: For Shard ID None: WebSocket Event: {'t': None, 's': None, 'op': 11, 'd': None}
[2025-12-02 18:34:14] [DEBUG   ] discord.gateway: Keeping shard ID None websocket alive with sequence 3.
[2025-12-02 18:34:14] [DEBUG   ] discord.gateway: For Shard ID None: WebSocket Event: {'t': None, 's': None, 'op': 11, 'd': None}
